---
source: src/lib.rs
expression: content
input_file: site/inside-rust/2023/10/06/polonius-update.html
snapshot_kind: text
---
<!DOCTYPE html>
<html lang="en">
  <head>
    <meta charset="utf-8">
    <title>Polonius update | Inside Rust Blog</title>
    <meta name="viewport" content="width=device-width,initial-scale=1.0">
<meta name="description" content="Empowering everyone to build reliable and efficient software.">
     <!-- Twitter card -->
     <meta name="twitter:card" content="summary">
     <meta name="twitter:site" content="@rustlang">
     <meta name="twitter:creator" content="@rustlang">
     <meta name="twitter:title" content="Polonius update | Inside Rust Blog">
     <meta name="twitter:description" content="Want to follow along with Rust development? Curious how you might get involved? Take a look!">
    <meta name="twitter:image" content="https://www.rust-lang.org/static/images/rust-social.jpg">
    
    <!-- Facebook OpenGraph -->
    <meta property="og:title" content="Polonius update | Inside Rust Blog" />
    <meta property="og:description" content="Want to follow along with Rust development? Curious how you might get involved? Take a look!">
    <meta property="og:image" content="https://www.rust-lang.org/static/images/rust-social-wide.jpg" />
    <meta property="og:type" content="website" />
    <meta property="og:locale" content="en_US" />
    
    <!-- styles -->
    <link rel="stylesheet" href="../../../../styles/vendor.css"/>
    <link rel="stylesheet" href="../../../../styles/fonts.css"/>
    <link rel="stylesheet" href="../../../../styles/app.css"/>
    <link rel="stylesheet" href="../../../../styles/highlight.css"/>
    
    <!-- stylesheet for user agents without js -->
    <noscript>
        <link rel="stylesheet" href="../../../../styles/noscript.css">
    </noscript>
    
    <!-- favicon -->
    <link rel="apple-touch-icon" sizes="180x180" href="../../../../images/apple-touch-icon.png">
    <link rel="icon" type="image/png" sizes="16x16" href="../../../../images/favicon-16x16.png">
    <link rel="icon" type="image/png" sizes="32x32" href="../../../../images/favicon-32x32.png">
    <link rel="icon" type="image/svg+xml" href="../../../../images/favicon.svg">
    <link rel="manifest" href="../../../../images/site.webmanifest">
    <link rel="mask-icon" href="../../../../images/safari-pinned-tab.svg" color="#5bbad5">
    <meta name="msapplication-TileColor" content="#00aba9">
    <meta name="theme-color" content="#ffffff">
    
     <!-- atom -->
     <link type="application/atom+xml" rel="alternate" href="https://blog.rust-lang.org/inside-rust/feed.xml" title="Inside Rust Blog" />
    
    <!-- theme switcher -->
    <script src="../../../../scripts/theme-switch.js"></script>
  </head>
  <body>
    <nav class="flex flex-row justify-center justify-end-l items-center flex-wrap ph2 pl3-ns pr4-ns">
      <div class="brand flex-auto w-100 w-auto-l self-start tc tl-l">
        <a href="../../../../inside-rust/">
          <img class="v-mid ml0-l rust-logo" alt="Rust Logo" src="../../../../images/rust-logo-blk.svg">
          <span class="dib ml1 ml0-l">Inside Rust Blog</span>
        </a>
      </div>
    
      <ul class="nav list w-100 w-auto-l flex flex-none flex-row flex-wrap justify-center justify-end-l items-center pv2 ph0 ph4-ns">
        <li class="tc pv2 ph2 ph4-ns flex-20-s"><a href="https://www.rust-lang.org">Rust</a></li>
        <li class="tc pv2 ph2 ph4-ns flex-20-s"><a href="https://www.rust-lang.org/tools/install">Install</a></li>
        <li class="tc pv2 ph2 ph4-ns flex-20-s"><a href="https://www.rust-lang.org/learn">Learn</a></li>
        <li class="tc pv2 ph2 ph4-ns flex-20-s"><a href="https://www.rust-lang.org/tools">Tools</a></li>
        <li class="tc pv2 ph2 ph4-ns flex-20-s"><a href="https://www.rust-lang.org/governance">Governance</a></li>
        <li class="tc pv2 ph2 ph4-ns flex-20-s"><a href="https://www.rust-lang.org/community">Community</a></li>
        <button class="theme-icon" onclick="dropdown();">🖌
          <ul id="theme-choice">
            <li class="theme-item" onclick="changeThemeTo('light');">Light</li>
            <li class="theme-item" onclick="changeThemeTo('dark');">Dark</li>
            <li class="theme-item" onclick="changeThemeTo('system');">System</li>
          </ul>
        </button>
        <script src="../../../../scripts/theme-switch-post.js"></script>
      </ul>
    </nav>
<section id="Polonius update" class="white">
  <div class="w-100 mw-none ph3 mw8-m mw8-l center f3">
    <header>
      <h2>Polonius update</h2>
      <div class="highlight mt2 mb3"></div>
    </header>

    <div class="publish-date-author">Oct. 6, 2023 &middot; Rémy Rakic and Niko Matsakis
     on behalf of <a href="https://www.rust-lang.org/governance/teams/compiler#Polonius%20working%20group">The Polonius Working Group</a> 
    </div>

    <div class="post">
      <p>This post lays out a roadmap to try to get Polonius on stable by Rust 2024. It identifies some high-level milestones and summarizes the key goals, as well as the recent progress.</p>
<h2><a href="#background-on-polonius" aria-hidden="true" class="anchor" id="background-on-polonius"></a>Background on Polonius</h2>
<p>Polonius refers to a few things. It is a <a href="http://smallcultfollowing.com/babysteps/blog/2018/04/27/an-alias-based-formulation-of-the-borrow-checker/">new formulation</a> of the borrow checker. It is also a <a href="https://github.com/rust-lang/polonius">specific project</a> that implemented that analysis, based on datalog. Our current plan does not make use of that datalog-based implementation, but uses what we learned implementing it to focus on reimplementing Polonius within rustc.</p>
<p>The motivating example for Polonius is the so-called <a href="https://github.com/rust-lang/rfcs/blob/master/text/2094-nll.md#problem-case-3-conditional-control-flow-across-functions">&quot;Problem Case #3: conditional control flow across functions&quot;</a>: here, returning a reference out of a function, from a conditional.</p>
<pre><code class="language-rust=">fn get_default&lt;'r, K: Hash + Eq + Copy, V: Default&gt;(
    map: &amp;'r mut HashMap&lt;K, V&gt;,
    key: K,
) -&gt; &amp;'r mut V {
    match map.get_mut(&amp;key) { // -------------+ 'r
        Some(value) =&gt; value,              // |
        None =&gt; {                          // |
            map.insert(key, V::default()); // |
            //  ^~~~~~ ERROR               // |
            map.get_mut(&amp;key).unwrap()     // |
        }                                  // |
    }                                      // |
}                                          // v
</code></pre>
<p>Returning the mutable reference <code>value</code> in the <code>Some</code> path requires the mutable loan on <code>map</code> to live until the end of the function. This prevents mutation in the <code>None</code> path even though no mutable loan on <code>map</code> would exist there in the first place.</p>
<p>Fixing this borrowck issue requires more precision about flow-sensitivity. It also hints at limitations in our modeling of lifetimes, which appear more clearly in cases with only slightly more complicated control flow, like <a href="https://github.com/rust-lang/rust/issues/47680">issue #47680</a>:</p>
<pre><code class="language-rust=">struct Thing;

impl Thing {
    fn maybe_next(&amp;mut self) -&gt; Option&lt;&amp;mut Self&gt; { None }
}

fn main() {
    let mut temp = &amp;mut Thing;

    loop {
        match temp.maybe_next() {
            Some(v) =&gt; { temp = v; }
            None =&gt; { }
        }
    }
}
</code></pre>
<p>The current borrow checker rejects this code. It does this because it sees that there is a loan of <code>temp</code> to call <code>temp.maybe_next()</code>. It also sees that this loan can flow around the loop — in particular, the loan is referenced by <code>v</code>, which is then stored into <code>temp</code>. Therefore, it reports an error when we attempt to mutably borrow <code>temp</code> at the top of the loop, since there may be a loan still existing from a prior iteration.</p>
<p><em>However</em>, a more careful read shows that, while the borrow may flow around the loop, it only does so on the <code>Some</code> path, and on that path <code>temp</code> is overwritten. This means that the <code>temp</code> we will be borrowing on the next iteration is in fact a different location than the one we borrowed on the previous iteration. On the <code>None</code> path, meanwhile, the loan ends.</p>
<p>This kind of &quot;case by case&quot; distinguishing — seeing that the flow only occurs on one path, and that on that path there is a reassignment, requires more precision than the current borrow checker can achieve.</p>
<p>Issues like &quot;NLL problem case #3&quot;, issue #47680 and others, were therefore deferred from NLLs, and left as future work, <a href="http://smallcultfollowing.com/babysteps/blog/2018/04/27/an-alias-based-formulation-of-the-borrow-checker/">Polonius</a>.</p>
<p>The key ideas being:</p>
<ul>
<li>switching from a model of <em>lifetimes</em> as sets of points in the CFG (with <em>outlives</em> relationships), to a model of <em>origins</em> as sets of loans (with <em>subset</em> relationships).</li>
<li>computing and tracking the subset relationships at each point in the Control Flow Graph (whereas the existing borrowck computes a single subtype relation).</li>
</ul>
<h2><a href="#milestones" aria-hidden="true" class="anchor" id="milestones"></a>Milestones</h2>
<p>This is a rough roadmap, where we have the most visibility on the first steps:</p>
<ul>
<li>each step has unknowns that will define what things need to be done in the later steps</li>
<li>therefore we're talking more about milestones for the longer term roadmap, and proper tasks for the shorter term.</li>
</ul>
<p>Here are the roadmap's milestones:</p>
<p><img src="../../../../images/inside-rust/2023-10-06-polonius-update/roadmap.png" alt="Graph of the Polonius roadmap" /></p>
<h3><a href="#1-factoring-out-higher-ranked-concerns-from-the-main-path" aria-hidden="true" class="anchor" id="1-factoring-out-higher-ranked-concerns-from-the-main-path"></a>1. Factoring out higher-ranked concerns from the main path</h3>
<p>Today, the trait solver produces higher-ranked outlives constraints and the borrow checker solves them. In the future, we would like to make the <a href="https://github.com/rust-lang/trait-system-refactor-initiative/">next trait solver</a> responsible for solving these higher-ranked constraints itself, so that it only produces the simpler <code>subset</code> constraint used in Polonius. This would allow us to solve implication predicates like <code>for&lt;T&gt; { if (T: 'a, 'a: 'b) { T: 'b } }</code> without having to effectively reproduce the same trait solving logic again. <a href="https://smallcultfollowing.com/babysteps/blog/2019/01/21/hereditary-harrop-region-constraints/">This blog post</a> describes the problem and possible solution in more detail.</p>
<p>In the shorter term, we are exploring refactoring the borrow checker to separate out the higher-ranked processing from the ordinary processing. The goal would be to preprocess the outlives constraints in a kind of Polonius <a href="https://rustc-dev-guide.rust-lang.org/traits/hrtb.html#basic-matching-and-placeholder-leaks">&quot;leak check&quot;</a>, where we can compute the higher-ranked errors. This could then be removed once the trait solver can solve these constraints.</p>
<p>Current status: ⏳ members of the types team are starting to work on this task in the next few days.</p>
<h3><a href="#2-location-insensitive-loans-in-scope" aria-hidden="true" class="anchor" id="2-location-insensitive-loans-in-scope"></a>2. Location-insensitive loans in scope</h3>
<p>Out of the two key differences between Polonius and the existing borrow check (regions as &quot;sets of loans&quot;, and computing subtyping relations at each point in the CFG), this step is aimed at resolving the <em>first</em> difference, but not the second, so we call it the &quot;location <em>in</em>sensitive loans in scope&quot; (because subtyping is being done once, not per location): the idea can be described as &quot;NLLs with the Polonius model&quot;.</p>
<p>Note that other aspects of the existing borrow checker are still flow-sensitive.</p>
<p>In this step, we will compute the set of live loans via outlives constraints only, instead of computing the CFG points where regions are live (which is then used to compute when loans go out of scope). We believe this is equivalent to the existing borrow check in terms of the errors that get reported.</p>
<p>Importantly, this change paves the way for adding location sensitivity (sets of loans are also a better foundation for far-future improvements to the borrow checker such as safe internal references).</p>
<p>Current status: ✅ we have completed prototypes, and have <a href="https://github.com/rust-lang/rust/pull/113218">an open PR</a> to land this under a <code>-Z</code> flag, which should happen in the near future.</p>
<h3><a href="#3-verify-full-test-suite-passes-with-location-insensitive-polonius" aria-hidden="true" class="anchor" id="3-verify-full-test-suite-passes-with-location-insensitive-polonius"></a>3. Verify full test suite passes with location-insensitive Polonius</h3>
<p>That PR does pass the full 15000+ tests in our suite, but we haven't yet checked on the crates published on crates.io with a crater run.</p>
<p>Compared to our internal test suite, the vast majority of published crates are expected to build without errors. In that regard, it should be unlikely that issues would be found there, but it will be done regardless.</p>
<p>Current status: ⏳ in-progress, the crater run itself will be done before the PR lands.</p>
<h3><a href="#4-replace-parts-of-the-borrow-checker-with-location-insensitive-polonius" aria-hidden="true" class="anchor" id="4-replace-parts-of-the-borrow-checker-with-location-insensitive-polonius"></a>4. Replace parts of the borrow checker with location-insensitive Polonius</h3>
<p>The prototype only does additional work, and does not modify the existing analysis.</p>
<p>In this step, we will refactor the borrow checker so that its data structures store sets of loans, and do more performance work: for example, remove redundant computation, investigate worst-case scalability and constant factors.</p>
<p>It's expected that performance will be similar, and we can then imagine enabling the location-insensitive pass without the feature flag, and removing some of the old code.</p>
<p>To keep the high quality diagnostics from the years of work of many contributors, it's possible that the new analysis could run, and if errors are detected, only then use the existing analysis and diagnostics.</p>
<p>Current status: we've done some early investigations on the data-structures changes needed, some of redundant parts that could be removed, etc.</p>
<h3><a href="#5-location-sensitive-pass-on-nightly" aria-hidden="true" class="anchor" id="5-location-sensitive-pass-on-nightly"></a>5. Location-sensitive pass on nightly</h3>
<p>Then the (harder-to-do-efficiently) work to incorporate location-sensitivity can start. This step will implement the first version of the analysis.</p>
<p>At this point it can still be inefficient, and use the feature flag, but this is when the borrow checker should accept more expressive code than the current NLLs.</p>
<p>Current status: we're in the design phase here, to adapt our datalog prototype and algorithms to rustc, imagining alternative ways to compute and propagate the subset constraints along the CFG.</p>
<h3><a href="#6-model-borrow-checking-and-polonius-in-a-mir-formality" aria-hidden="true" class="anchor" id="6-model-borrow-checking-and-polonius-in-a-mir-formality"></a>6. Model borrow checking and Polonius in a-mir-formality</h3>
<p>The Types team is building a model of Rust's MIR and trait system called <a href="https://github.com/rust-lang/a-mir-formality"><code>a-mir-formality</code></a>. Once it reaches a sufficiently complete status, the intent is that the model will always be extended to cover new language features prior to stabilization. We are therefore working to add Polonius into the model. This will in fact be the second time doing such modeling, as we already added Polonius to a previous incarnation of a-mir-formality. In fact, that modeling work is what gave us the insights that enabled the location-insensitive Polonius formulation now landing on nightly.</p>
<p>Interestingly, this work is completely independent of rustc, and could in theory be started soon, and done in parallel with the other efforts.</p>
<h3><a href="#7-location-sensitive-pass-stable" aria-hidden="true" class="anchor" id="7-location-sensitive-pass-stable"></a>7. Location-sensitive pass stable</h3>
<p>In this milestone, we expect a lot of work on optimizations, and productization.</p>
<p>If a similar experience to NLLs in edition 2018 is to be expected again, another substantial amount of work and polish will also be needed to handle diagnostic differences and issues, ensuring errors and notes are clear enough, as well as the documentation.</p>
<p>At this point, the location-sensitive pass is hopefully efficient enough, tested in practice, somewhat formally verified, and can be enabled in edition 2024.</p>
<p>Around this time, librarification efforts can also be rebooted, to turn the in-tree Polonius into a library, maybe using <a href="https://github.com/rust-lang/team/pull/729">Stable MIR</a>. This is so that it could be reused elsewhere, for example in <a href="https://github.com/rust-lang/rust-analyzer">rust-analyzer</a>, or <a href="https://github.com/Rust-GCC/gccrs">gccrs</a>, or by researchers working on verification tools (like <a href="https://github.com/model-checking/kani/">kani</a>, <a href="https://github.com/viperproject/prusti-dev/">prusti</a> and <a href="https://github.com/xldenis/creusot">creusot</a>).</p>
<h2><a href="#conclusion" aria-hidden="true" class="anchor" id="conclusion"></a>Conclusion</h2>
<p>We are very excited to see the plan for Polonius coming into focus. At the moment, as we are still doing foundational work, we are not looking for volunteers or contributors unless they are well versed in the compiler. We do expect that as the project proceeds, there will be more and more need for new contributions. Stay tuned for updates!</p>

    </div>
  </div>
</section>
    <footer>
      <div class="w-100 mw-none ph3 mw8-m mw9-l center f3">
        <div class="row">
          <div class="four columns mt3 mt0-l" id="get-help">
            <h4>Get help!</h4>
            <ul>
              <li><a href="https://doc.rust-lang.org" target="_blank" rel="noopener">Documentation</a></li>
              <li><a href="mailto:core-team@rust-lang.org">Contact the Rust Team</a></li>
            </ul>
          </div>
          <div class="four columns mt3 mt0-l">
            <h4>Terms and policies</h4>
            <ul>
              <li><a href="https://www.rust-lang.org/policies/code-of-conduct">Code of Conduct</a></li>
              <li><a href="https://www.rust-lang.org/policies/licenses">Licenses</a></li>
              <li><a href="https://www.rust-lang.org/policies/media-guide">Logo Policy and Media Guide</a></li>
              <li><a href="https://www.rust-lang.org/policies/security">Security Disclosures</a></li>
              <li><a href="https://www.rust-lang.org/policies">All Policies</a></li>
            </ul>
          </div>
          <div class="four columns mt3 mt0-l">
            <h4>Social</h4>
            <div class="flex flex-row flex-wrap">
              <a rel="me" href="https://social.rust-lang.org/@rust" target="_blank" rel="noopener" alt="mastodon link"><img src="../../../../images/mastodon.svg" alt="mastodon logo" title="Mastodon"/></a>
              <a href="https://twitter.com/rustlang" target="_blank" rel="noopener" alt="twitter link"><img src="../../../../images/twitter.svg" alt="twitter logo" title="Twitter"/></a>
              <a href="https://www.youtube.com/channel/UCaYhcUwRBNscFNUKTjgPFiA" target="_blank" rel="noopener" alt="youtube link"><img style="padding-top: 6px; padding-bottom:6px" src="../../../../images/youtube.svg" alt="youtube logo" title="YouTube"/></a>
              <a href="https://discord.gg/rust-lang" target="_blank" rel="noopener" alt="discord link"><img src="../../../../images/discord.svg" alt="discord logo" title="Discord"/></a>
              <a href="https://github.com/rust-lang" target="_blank" rel="noopener" alt="github link"><img src="../../../../images/github.svg" alt="github logo" title="GitHub"/></a>
            </div>
            <h4 class="mt4 mb3">RSS</h4>
            <ul>
              <li><a href="../../../../feed.xml">Main Blog</a></li>
              <li><a href="../../../../inside-rust/feed.xml">"Inside Rust" Blog</a></li>
            </ul>
          </div>
    
        </div>
        <div class="attribution">
          Maintained by the Rust Team. See a typo?
          <a href="https://github.com/rust-lang/blog.rust-lang.org" target="_blank" rel="noopener">Send a fix here</a>!
        </div>
      </div>
    </footer>
    
    <!-- scripts -->
    <script src="../../../../scripts/highlight.js"></script>
  </body>
</html>
