---
source: src/lib.rs
expression: content
input_file: site/inside-rust/2024/06/19/this-development-cycle-in-cargo-1.80.html
snapshot_kind: text
---
<!DOCTYPE html>
<html lang="en">
  <head>
    <meta charset="utf-8">
    <title>This Development-cycle in Cargo: 1.80 | Inside Rust Blog</title>
    <meta name="viewport" content="width=device-width,initial-scale=1.0">
<meta name="description" content="Empowering everyone to build reliable and efficient software.">
     <!-- Twitter card -->
     <meta name="twitter:card" content="summary">
     <meta name="twitter:site" content="@rustlang">
     <meta name="twitter:creator" content="@rustlang">
     <meta name="twitter:title" content="This Development-cycle in Cargo: 1.80 | Inside Rust Blog">
     <meta name="twitter:description" content="Want to follow along with Rust development? Curious how you might get involved? Take a look!">
    <meta name="twitter:image" content="https://www.rust-lang.org/static/images/rust-social.jpg">
    
    <!-- Facebook OpenGraph -->
    <meta property="og:title" content="This Development-cycle in Cargo: 1.80 | Inside Rust Blog" />
    <meta property="og:description" content="Want to follow along with Rust development? Curious how you might get involved? Take a look!">
    <meta property="og:image" content="https://www.rust-lang.org/static/images/rust-social-wide.jpg" />
    <meta property="og:type" content="website" />
    <meta property="og:locale" content="en_US" />
    
    <!-- styles -->
    <link rel="stylesheet" href="../../../../styles/vendor.css"/>
    <link rel="stylesheet" href="../../../../styles/fonts.css"/>
    <link rel="stylesheet" href="../../../../styles/app.css"/>
    <link rel="stylesheet" href="../../../../styles/highlight.css"/>
    
    <!-- stylesheet for user agents without js -->
    <noscript>
        <link rel="stylesheet" href="../../../../styles/noscript.css">
    </noscript>
    
    <!-- favicon -->
    <link rel="apple-touch-icon" sizes="180x180" href="../../../../images/apple-touch-icon.png">
    <link rel="icon" type="image/png" sizes="16x16" href="../../../../images/favicon-16x16.png">
    <link rel="icon" type="image/png" sizes="32x32" href="../../../../images/favicon-32x32.png">
    <link rel="icon" type="image/svg+xml" href="../../../../images/favicon.svg">
    <link rel="manifest" href="../../../../images/site.webmanifest">
    <link rel="mask-icon" href="../../../../images/safari-pinned-tab.svg" color="#5bbad5">
    <meta name="msapplication-TileColor" content="#00aba9">
    <meta name="theme-color" content="#ffffff">
    
     <!-- atom -->
     <link type="application/atom+xml" rel="alternate" href="https://blog.rust-lang.org/inside-rust/feed.xml" title="Inside Rust Blog" />
    
    <!-- theme switcher -->
    <script src="../../../../scripts/theme-switch.js"></script>
  </head>
  <body>
    <nav class="flex flex-row justify-center justify-end-l items-center flex-wrap ph2 pl3-ns pr4-ns">
      <div class="brand flex-auto w-100 w-auto-l self-start tc tl-l">
        <a href="../../../../inside-rust/">
          <img class="v-mid ml0-l rust-logo" alt="Rust Logo" src="../../../../images/rust-logo-blk.svg">
          <span class="dib ml1 ml0-l">Inside Rust Blog</span>
        </a>
      </div>
    
      <ul class="nav list w-100 w-auto-l flex flex-none flex-row flex-wrap justify-center justify-end-l items-center pv2 ph0 ph4-ns">
        <li class="tc pv2 ph2 ph4-ns flex-20-s"><a href="https://www.rust-lang.org">Rust</a></li>
        <li class="tc pv2 ph2 ph4-ns flex-20-s"><a href="https://www.rust-lang.org/tools/install">Install</a></li>
        <li class="tc pv2 ph2 ph4-ns flex-20-s"><a href="https://www.rust-lang.org/learn">Learn</a></li>
        <li class="tc pv2 ph2 ph4-ns flex-20-s"><a href="https://www.rust-lang.org/tools">Tools</a></li>
        <li class="tc pv2 ph2 ph4-ns flex-20-s"><a href="https://www.rust-lang.org/governance">Governance</a></li>
        <li class="tc pv2 ph2 ph4-ns flex-20-s"><a href="https://www.rust-lang.org/community">Community</a></li>
        <button class="theme-icon" onclick="dropdown();">🖌
          <ul id="theme-choice">
            <li class="theme-item" onclick="changeThemeTo('light');">Light</li>
            <li class="theme-item" onclick="changeThemeTo('dark');">Dark</li>
            <li class="theme-item" onclick="changeThemeTo('system');">System</li>
          </ul>
        </button>
        <script src="../../../../scripts/theme-switch-post.js"></script>
      </ul>
    </nav>
<section id="This Development-cycle in Cargo: 1.80" class="white">
  <div class="w-100 mw-none ph3 mw8-m mw8-l center f3">
    <header>
      <h2>This Development-cycle in Cargo: 1.80</h2>
      <div class="highlight mt2 mb3"></div>
    </header>

    <div class="publish-date-author">June 19, 2024 &middot; Ed Page
     on behalf of <a href="https://www.rust-lang.org/governance/teams/dev-tools#cargo">The Cargo Team</a> 
    </div>

    <div class="post">
      <h1><a href="#this-development-cycle-in-cargo-180" aria-hidden="true" class="anchor" id="this-development-cycle-in-cargo-180"></a>This Development-cycle in Cargo: 1.80</h1>
<p>This is a summary of what has been happening around Cargo development for the last 6 weeks which is approximately the merge window for Rust 1.80.</p>
<!-- time period: 2024-05-03 through 2024-06-13 -->
<ul>
<li><a href="#plugin-of-the-cycle">Plugin of the cycle</a></li>
<li><a href="#implementation">Implementation</a>
<ul>
<li><a href="#-zcheck-cfg"><code>-Zcheck-cfg</code></a></li>
<li><a href="#user-controlled-cargo-diagnostics">User-controlled cargo diagnostics</a></li>
<li><a href="#-ztrim-paths"><code>-Ztrim-paths</code></a></li>
<li><a href="#msrv-aware-cargo">MSRV-aware Cargo</a></li>
<li><a href="#removing-implicit-features">Removing implicit features</a></li>
<li><a href="#normalizing-published-manifest-files">Normalizing published manifest files</a></li>
<li><a href="#merging-cargo-upgrade-into-cargo-update">Merging <code>cargo upgrade</code> into <code>cargo update</code></a></li>
<li><a href="#crate-provenance"><code>.crate</code> provenance</a></li>
<li><a href="#cargo-publish---workspace"><code>cargo publish --workspace</code></a></li>
<li><a href="#snapshot-testing">Snapshot testing</a></li>
</ul>
</li>
<li><a href="#design-discussions">Design discussions</a>
<ul>
<li><a href="#rfc-triage">RFC triage</a></li>
<li><a href="#custom-test-harnesses-and-panic--abort">Custom test harnesses and <code>panic = &quot;abort&quot;</code></a></li>
<li><a href="#short-hand-manifest-syntaxes">Short-hand manifest syntaxes</a></li>
<li><a href="#leaky-abstractions-of-rustc">Leaky abstractions of rustc</a></li>
</ul>
</li>
<li><a href="#misc">Misc</a></li>
<li><a href="#focus-areas-without-progress">Focus areas without progress</a></li>
</ul>
<h2><a href="#plugin-of-the-cycle" aria-hidden="true" class="anchor" id="plugin-of-the-cycle"></a>Plugin of the cycle</h2>
<p>Cargo can't be everything to everyone,
if for no other reason than the compatibility guarantees it must uphold.
Plugins play an important part of the Cargo ecosystem and we want to celebrate them.</p>
<p>Our plugin for this cycle is <a href="https://crates.io/crates/cargo-expand">cargo-expand</a> a more convenient and easier to remember wrapper around <code>cargo rustc</code> for seeing all macros expanded within a crate.
For macro authors, this is a big debugging help.
For macro users, this can help in breaking the opacity of what a macro invocation does.</p>
<p>Thanks to <a href="https://github.com/LukeMathWalker">LukeMathWalker</a> for the suggestion!</p>
<p><a href="https://rust-lang.zulipchat.com/#narrow/stream/246057-t-cargo/topic/Plugin.20of.20the.20Dev.20Cycle/near/420703211">Please submit your suggestions for the next post.</a></p>
<h2><a href="#implementation" aria-hidden="true" class="anchor" id="implementation"></a>Implementation</h2>
<h5><a href="#-zcheck-cfg" aria-hidden="true" class="anchor" id="-zcheck-cfg"></a><code>-Zcheck-cfg</code></h5>
<p><em>Update from <a href="https://blog.rust-lang.org/inside-rust/2024/02/13/this-development-cycle-in-cargo-1-77.html#-zcheck-cfg">1.77</a></em></p>
<p>As a refresher, this is a rustc feature that checks <code>#[cfg]</code>s against a list of known names and values.
When used with Cargo, the names and values come from:</p>
<ul>
<li>rustc's list of &quot;well known&quot; cfgs (generally first party compilation toolchains)</li>
<li>cargo's list of &quot;well known&quot; cfgs</li>
<li><a href="https://doc.rust-lang.org/cargo/reference/features.html"><code>[features]</code></a></li>
<li><a href="https://doc.rust-lang.org/nightly/cargo/reference/build-scripts.html#rustc-check-cfg"><code>cargo::rustc-check-cfg</code> build.rs directive</a></li>
<li>Passing <code>--check-cfg</code> through <code>RUSTFLAGS</code></li>
</ul>
<p>At the beginning of May, Cargo's support for <code>--check-cfg</code> was stabilized (<a href="https://github.com/rust-lang/cargo/pull/13571">#13571</a>).
When stabilizing, the team weighed
the <a href="https://github.com/rust-lang/rust/issues/120701#issuecomment-1937010106">crater results</a>
and feedback from the multiple rounds of <a href="https://github.com/rust-lang/rfcs/pull/3013#issuecomment-1936648479">Call for Testing</a>
(which included <a href="https://github.com/rust-lang/this-week-in-rust/pull/5195">tweaking the layout</a> for This Week in Rust to improve visibility).
Hand-in-hand with stabilization,
<a href="https://github.com/urgau">urgau</a> published a
<a href="https://blog.rust-lang.org/2024/05/06/check-cfg.html">blog post</a>
to help people first exposed to this by upgrading nightly.</p>
<p>Soon after this hit nightly, <a href="https://github.com/rust-lang/rust/issues/124800">rust-lang/rust#124800</a> (and related issues) were open.
People's concerns included:</p>
<ul>
<li>The false positive rate</li>
<li>Having to use a <code>build.rs</code> for custom <code>--cfg</code>s where one wasn't used before</li>
<li><code>#[cfg]</code>s in <code>build.rs</code> itself which has no way of specifying <code>--check-cfg</code> for itself</li>
<li>Some confusion over the lint message and documentation</li>
</ul>
<p>A lot of discussion was spent on trying to get everyone involved in the conversation (including us) onto the same page in terms of what this feature was, what the options were for working with it, and the impact of each of those.
This is understandably a frustrating process because people who are negatively impacted are feeling the pain now.
However, we need to make sure we find the right solutions rather than the first.</p>
<!-- 2024-05-07 -->
<!-- https://rust-lang.zulipchat.com/#narrow/stream/246057-t-cargo/topic/Adding.20kani.20to.20list.20of.20known.20configurations -->
<!-- https://rust-lang.zulipchat.com/#narrow/stream/246057-t-cargo/topic/rustc-check-cfg.20build.2Ers -->
<p>A positive of this was that nightly was doing its job in helping to collect critical feedback well before we hit stable!
To give us plenty of time for feedback, we intentionally held back the stabilization PR until after the previous nightly was branched to beta, so we'd have a full 12 weeks to collect feedback and improve this.
As this was a lint (non-blocking) and we felt confident in doing any needed polish in the 12 weeks before release,
we decided to keep this in nightly, rolling back only if we were running up to the deadline for release.</p>
<p>We recognize that the documentation was an issue.
We worked together to find ways to improve it (e.g.
<a href="https://github.com/rust-lang/cargo/pull/13869">#13869</a>
<a href="https://github.com/rust-lang/cargo/pull/13937">#13937</a>
<a href="https://github.com/rust-lang/rust/pull/124209">rust-lang/rust#124209</a>
).
One challenge that limited this work was finding a place for Cargo's documentation to live as there isn't a user-focused Cargo feature for this to center the documentation around.</p>
<p>As for improving how people interact with this feature,
longer term we feel
<a href="https://github.com/rust-lang/rfcs/pull/3487">private features</a> and
<a href="https://internals.rust-lang.org/t/pre-rfc-mutually-excusive-global-features/19618">mutually-exclusive, global features</a>
would help replace a lot of cases for custom <code>cfg</code>s.
That still leaves the short term.</p>
<p>An straightforward answer that came up multiple times was to add to <code>Cargo.toml</code> a <code>[cfg]</code> table (<a href="https://github.com/rust-lang/cargo/pull/11631">#11631</a>).
This was proposed during the development of the feature but was
<a href="https://github.com/rust-lang/cargo/pull/11631#issuecomment-1487424886">rejected by the Cargo team</a>
as designing a whole new system that didn't align with the rest of cargo (see also <a href="#leaky-abstractions-of-rustc">Leaky abstractions of rustc</a>).</p>
<!-- 2024-05-14 -->
<p>Through a mixture of Github, Cargo Office Hours, and in-person conversations at a conference,
we settled on the solution of using lint configuration from the &quot;Future Possibilities&quot; of
<a href="https://github.com/rust-lang/rfcs/pull/3389">RFC 3389: <code>[lints]</code></a>.
Shout out to <a href="https://github.com/wesleywiser">wesleywiser</a>
for the <a href="https://github.com/rust-lang/rust/issues/124800#issuecomment-2099448673">idea</a>
and <a href="https://github.com/urgau">urgau</a>
for the implementation in <a href="https://github.com/rust-lang/cargo/pull/13913">#13913</a>.</p>
<p>e.g.</p>
<pre><code class="language-toml">[lints.rust]
unexpected_cfgs = { level = &quot;warn&quot;, check-cfg = ['cfg(has_foo)'] }
</code></pre>
<p><em>(see <a href="https://doc.rust-lang.org/nightly/rustc/check-cfg/cargo-specifics.html#check-cfg-in-lintsrust-table">Cargo Specifics - Checking Conditional Configurations</a> for more details)</em></p>
<!-- 2024-05-21 -->
<p>We weren't necessarily done and had to address questions like:</p>
<ul>
<li><a href="https://rust-lang.zulipchat.com/#narrow/stream/246057-t-cargo/topic/.60check-cfg.60.20and.20custom.20.60feature.60">Should we prevent people from extending Cargo check-cfg values?</a></li>
<li>Should we reduce warning noise in 1.79 as part of the transition to this feature?  Yes, in <a href="https://github.com/rust-lang/cargo/pull/13925">#13925</a>.</li>
<li>Are we okay with the inconsistent dashes in <code>lints.rust.unexpected_cfgs.check-cfg</code>?  Yes, its not too different from dependency names and fields.</li>
<li>Should we allow the <code>level</code> to be optional?  As its an MSRV bump either way, we decided to defer making a decision on this.  Some lean towards preferring being explicit.</li>
</ul>
<p>One lesson learned from this is that the Cargo and Compiler teams should better coordinate on changes like this.
In particular,
<a href="https://github.com/rust-lang/rust/issues/44663">public-private dependencies</a>
seems like it will have a similar effect on the ecosystem.</p>
<h5><a href="#user-controlled-cargo-diagnostics" aria-hidden="true" class="anchor" id="user-controlled-cargo-diagnostics"></a>User-controlled cargo diagnostics</h5>
<p><em>Update from <a href="https://blog.rust-lang.org/inside-rust/2024/05/07/this-development-cycle-in-cargo-1.79.html#user-controlled-cargo-diagnostics">1.79</a></em></p>
<p>This development-cycle, diagnostics mostly saw polish.</p>
<!-- 2024-05-14 -->
<p>We did have a forward-looking conversation among the Cargo team: when should lints be evaluated?</p>
<p>Most manifest errors and warnings today are processed when the document is parsed.
Warnings get captured and reported later only in some commands and only if  we don't otherwise cap the lints for that package.
Or put another way, we analyze warnings for every package in your dependency tree and then throw away almost all of that work.</p>
<p>If we were to move some of these errors and warnings to when we run our new diagnostics,
we could stop doing throw-away work and maybe improve some aspects of code organization.
As a side effect,
some errors that get reported today might not get reported at all.
Could we change this later without breaking our expectation for compatibility or, if we can't, are we ok with being stuck with this new behavior?
After some discussion, we felt that we could move in this direction but we'll need to look at this on a case by case basis.</p>
<h5><a href="#-ztrim-paths" aria-hidden="true" class="anchor" id="-ztrim-paths"></a><code>-Ztrim-paths</code></h5>
<p><em>Update from <a href="https://blog.rust-lang.org/inside-rust/2024/01/03/this-development-cycle-in-cargo-1-76.html#-ztrim-paths">1.76</a></em></p>
<!-- https://rust-lang.zulipchat.com/#narrow/stream/246057-t-cargo/topic/trim-paths.20testing -->
<!-- https://github.com/rust-lang/cargo/issues/12137 -->
<p><a href="https://github.com/rust-lang/rust/pull/107099">rust-lang/rust#107099</a> was merged, allowing <code>rustdoc</code> to participate in trim-paths.
Cargo still needs to be updated.</p>
<p>Another challenge Cargo has had is access to a hash algorithm that is stable across platforms and not just run-to-run.
<a href="https://github.com/Urgau">Urgau</a> is working to pull out rustc's stable hasher for Cargo to reuse (<a href="https://github.com/rust-lang/rustc-stable-hash/pull/1">rust-lang/rustc-stable-hash#1</a>).</p>
<h5><a href="#msrv-aware-cargo" aria-hidden="true" class="anchor" id="msrv-aware-cargo"></a>MSRV-aware Cargo</h5>
<p><em>Update from <a href="https://blog.rust-lang.org/inside-rust/2024/05/07/this-development-cycle-in-cargo-1.79.html#msrv-aware-cargo">1.79</a></em></p>
<p>The main focus at this point is the MSRV-aware resolver.</p>
<p>We ran a <a href="https://github.com/rust-lang/cargo/issues/13873">Call for Testing</a> and so far we haven't gotten any actionable feedback.
Separate from that Call for Testing, we did receive feedback about the
<code>latest</code> annotations in <code>cargo update</code> (<a href="https://github.com/rust-lang/cargo/issues/13908">#13908</a>).
Discussion is still on-going.</p>
<!-- 2024-06-04 -->
<p>As far as we are aware, the last remaining step before stabilization is
renaming the configuration (<a href="https://github.com/rust-lang/cargo/issues/13540">#13540</a>):</p>
<pre><code class="language-toml=">[resolver]
something-like-precedence = &quot;something-like-rust-version&quot;
</code></pre>
<p>We want to keep in mind how this might align with future possibilities like:</p>
<ul>
<li><a href="https://github.com/rust-lang/cargo/issues/5657">#5657 Minimal version resolution</a></li>
<li><a href="https://github.com/rust-lang/cargo/issues/4225">#4225 Control of yanked</a></li>
<li><a href="https://github.com/rust-lang/cargo/issues/13290">#13290 Control of prerelease</a></li>
</ul>
<p>For minimal vs maximal version resolution, we see that is likely an enumerate value under an unnamed key, so we can set that aside.</p>
<p>For the rest, we are talking about the following modes:</p>
<table>
<thead>
<tr>
<th>mode</th>
<th>MSRV</th>
<th>yanked</th>
<th>prerelease</th>
</tr>
</thead>
<tbody>
<tr>
<td>this is yet another candidate</td>
<td>Required</td>
<td>Never?</td>
<td>Never?</td>
</tr>
<tr>
<td>de-priorize this over other versions</td>
<td>Required</td>
<td>Likely</td>
<td>Likely</td>
</tr>
<tr>
<td>don't resolve to if already in use</td>
<td>Likely</td>
<td>Required</td>
<td>Required</td>
</tr>
</tbody>
</table>
<p>This helped to show that we probably want to name the field <code>incompatible-rust-version</code> to clarify that we are talking about how we are handling those packages and to leave room for <code>resolver.rust-version</code> to override what version is used when resolving dependencies.</p>
<p>The challenge is providing a clear way to communicate the &quot;mode&quot;.
For de-prioritizing, we considered:</p>
<ul>
<li>discourage</li>
<li>eschew</li>
<li>avoid</li>
<li>fallback</li>
</ul>
<p>Of those, <code>fallback</code> most captures the nuance but that is a noun while we had been considering <code>allow</code> and <code>deny</code> for the other modes which are verbs.</p>
<p>We had considered a short-term solution of a &quot;precedence policy&quot; field that would take a policy name, much like we have profile names that encompass many compiler settings.
This would be short term and could run into its own issues with being confusing, so we decided to focus on the &quot;right&quot; solution.</p>
<h5><a href="#removing-implicit-features" aria-hidden="true" class="anchor" id="removing-implicit-features"></a>Removing implicit features</h5>
<p><em>Update from <a href="https://blog.rust-lang.org/inside-rust/2024/03/26/this-development-cycle-in-cargo-1.78.html#weak-feature-syntax">1.78</a> and <a href="https://blog.rust-lang.org/inside-rust/2024/05/07/this-development-cycle-in-cargo-1.79.html#user-controlled-cargo-diagnostics">1.79</a></em></p>
<p>A crater run exposed a couple of bugs with <code>cargo fix</code> when migrating implicit features to explicit features (<a href="https://github.com/rust-lang/cargo/issues/14010">#14010</a>).</p>
<!-- 2024-06-11 -->
<p>This exposed a misunderstanding that <code>[&quot;dep_name/feature_name&quot;]</code> is not always the same as <code>[&quot;dep:dep_name&quot;, &quot;dep_name?/feature_name&quot;]</code> because the former won't suppress the creation of an implicit feature.
As a side effect of how we prevent implicit features from being created in Edition 2024,
there are corner cases where the <code>[&quot;dep_name/feature_name&quot;]</code> syntax will error
(<a href="https://github.com/rust-lang/cargo/issues/14016">#14016</a>)
.
We considered whether we should deprecate the syntax (which we had previously deferred) or whether to implicitly inject <code>&quot;dep:dep_name&quot;</code>.
After some discussion, we settled on the latter.</p>
<h5><a href="#normalizing-published-manifest-files" aria-hidden="true" class="anchor" id="normalizing-published-manifest-files"></a>Normalizing published manifest files</h5>
<p><em>Update from <a href="https://blog.rust-lang.org/inside-rust/2024/05/07/this-development-cycle-in-cargo-1.79.html#normalizing-published-package-files">1.79</a></em></p>
<p>Now that published <code>Cargo.toml</code> files list all targets,
we can avoid reading the filesystem with <a href="https://github.com/rust-lang/cargo/pull/13849">#13849</a>.</p>
<p>Thanks for <a href="https://github.com/stormshield-guillaumed">stormshield-guillaumed</a> testing nightlies,
we found out that these changes made the vendored <code>Cargo.toml</code> non-deterministic and fixed that in <a href="https://github.com/rust-lang/cargo/pull/14004">#14004</a>.</p>
<h5><a href="#merging-cargo-upgrade-into-cargo-update" aria-hidden="true" class="anchor" id="merging-cargo-upgrade-into-cargo-update"></a>Merging <code>cargo upgrade</code> into <code>cargo update</code></h5>
<p><em>Update from <a href="https://blog.rust-lang.org/inside-rust/2024/02/13/this-development-cycle-in-cargo-1-77.html#merging-cargo-upgrade-into-cargo-update">1.77</a></em></p>
<p>In <a href="https://github.com/rust-lang/cargo/pull/13979">#13979</a>, <a href="https://github.com/torhovland">torhovland</a> added support for <code>cargo update --breaking</code> with the following policy:</p>
<ol>
<li>In-memory, upgrades certain workspace member dependencies to the latest breaking version</li>
</ol>
<ul>
<li>Must use <code>^</code> version requirement operator (the default)</li>
<li>Must not be renamed as those tend to be used to allow multiple versions of the same package and the user likely doesn't want the version changed</li>
<li>Can further limit to specific dependencies by naming them</li>
</ul>
<ol start="2">
<li>Reconcile the lockfile with these new version requirements</li>
<li>Write out the new version requirements, preserving the precision used in the original requirement (e.g. <code>1.0</code> would be upgraded to <code>2.0</code>, not <code>2.0.5</code>)</li>
</ol>
<p>This is available to use as of nightly 2024-06-09.</p>
<h5><a href="#crate-provenance" aria-hidden="true" class="anchor" id="crate-provenance"></a><code>.crate</code> provenance</h5>
<p>With the xz backdoor, there has been an increased interest in verifying that a published <code>.crate</code> matches the repo.
Cargo already includes a <code>cargo_vcs_info.json</code> file in the <code>.crate</code> to identify what <code>cargo publish</code> was run against.
One problem is that this file wasn't being generated if <code>--allow-dirty</code> was used
(<a href="https://github.com/rust-lang/cargo/issues/13695">#13695</a>).</p>
<p>After some discussion, <a href="https://github.com/torhovland">torhovland</a> created <a href="https://github.com/rust-lang/cargo/pull/13960">#13960</a> for us to always generate <code>cargo_vcs_info.json</code> but to include a <code>dirty: &quot;true&quot;</code> field when <code>--allow-dirty</code> was used.</p>
<p>For more investigation on using this file, see
<a href="https://lawngno.me/blog/2024/06/10/divine-provenance.html">999 crates of Rust on the wall</a>.</p>
<h5><a href="#cargo-publish---workspace" aria-hidden="true" class="anchor" id="cargo-publish---workspace"></a><code>cargo publish --workspace</code></h5>
<p><a href="https://github.com/torhovland">torhovland</a> and
<a href="https://github.com/jneem">jneem</a> stepped up to break down what it would take
to add <code>--workspace</code>  in
<a href="https://github.com/rust-lang/cargo/issues/1169">#1169</a> and
<a href="https://github.com/rust-lang/cargo/issues/10948">#10948</a>.
They started on the milestone of support for <code>cargo package --workspace</code>.</p>
<p>The first problem to address is how will we generate a valid lockfile for packages that haven't been uploaded.
We discussed this in Office Hours and decided to implement an internal-only package-source overlay system in
<a href="https://github.com/rust-lang/cargo/pull/13926">#13926</a>.
This would allow local packages to pretend to be on crates.io.
This might sound like a very useful future <em>but</em> we intentionally decided to keep this internal-only and only implemented it with great hesitance because a generalized version of this would be a source of
<a href="https://medium.com/@alex.birsan/dependency-confusion-4a5d60fec610">dependency-confusion attacks</a>.</p>
<p>Now that the overlay-source is implemented, work continues on <a href="https://github.com/rust-lang/cargo/pull/13947">#13947</a>.</p>
<h5><a href="#snapshot-testing" aria-hidden="true" class="anchor" id="snapshot-testing"></a>Snapshot testing</h5>
<p><em>Update from <a href="https://blog.rust-lang.org/inside-rust/2024/03/26/this-development-cycle-in-cargo-1.78.html#terminal-styling">1.78</a></em></p>
<p>Cargo has had a homegrown CLI assertion framework with support for features like</p>
<ul>
<li>Redactions</li>
<li>Jsonlines</li>
<li>Unordered text and jsonlines</li>
<li>Pretty diffs on failure</li>
</ul>
<p>As there is less of a community around this,
the knowledge is more specialized,
its less likely to be documented,
and we are on our own for feature development.</p>
<p><a href="https://github.com/epage">epage</a> and
<a href="https://github.com/Muscraft">Muscraft</a>
have been generalizing the concepts from <code>cargo-test-support</code> into
<a href="https://crates.io/crates/snapbox">snapbox</a>.
This has been used for UI testing in cargo since <code>cargo add</code>.</p>
<p>Out of frustration with hand-editing nearly every test multiple times this year, epage dove into closing the functionality gaps with <code>cargo-test-support</code> and release this in the
<a href="https://github.com/assert-rs/snapbox/blob/main/crates/snapbox/CHANGELOG.md#060---2024-05-23">0.5.11 and 0.6.0 releases</a>.</p>
<p>We started the porting effort with non-CLI assertions in
<a href="https://github.com/rust-lang/cargo/pull/13980">#13980</a>
and then CLI assertions in
<a href="https://github.com/rust-lang/cargo/pull/14031">#14031</a>.</p>
<p>Immediate benefits for cargo contributors</p>
<ul>
<li>Update test results by adding <code>env SNAPSHOTS=overwrite</code></li>
<li>Auto-redact non-deterministic snapshotted values (e.g. <a href="https://github.com/rust-lang/cargo/pull/13973"><code>[ELAPSED]</code></a>) or platform-specific snapshotted values (e.g. <a href="https://github.com/rust-lang/cargo/commit/eee105338420c68105678a6b883514a190ee5070"><code>[BROKEN_PIPE]</code></a>)</li>
</ul>
<p>We've documented the process and opened the porting work for anyone to contribute in
<a href="https://github.com/rust-lang/cargo/issues/14039">#14039</a>,
like <a href="https://github.com/weihanglo">weihanglo</a> did in <a href="https://github.com/rust-lang/cargo/pull/14041">#14041</a>.</p>
<h2><a href="#design-discussions" aria-hidden="true" class="anchor" id="design-discussions"></a>Design discussions</h2>
<h5><a href="#rfc-triage" aria-hidden="true" class="anchor" id="rfc-triage"></a>RFC triage</h5>
<!-- 2024-05-21 -->
<p>When discussing the 2024 Edition,
it came up that an RFC was partly delayed because the author and the reviewing team each thought they were waiting on the other.
RFC authors have a real need driving them to write a proposal and put a lot of time into writing the RFC and driving the discussion.
Out of respect for investment that RFC authors have put in,
<a href="https://github.com/epage">epage</a> wanted to drive another pass in trying to make sure there is a clear owner for the next steps for each RFC.
This might even include closing the RFC which can be a sensitive topic.</p>
<p>For our first, epage reminded us that <a href="https://github.com/rust-lang/rfcs/pull/3371#issuecomment-1602959262">templating CARGO_TARGET_DIR</a> has been proposed to merge and is waiting on team members to review it.</p>
<!-- 2024-05-28 -->
<p><a href="https://github.com/rust-lang/rfcs/pull/3383">RFC #3383: recommended-bins</a>:
This was briefly touched on when we last discussed
<a href="https://blog.rust-lang.org/inside-rust/2024/02/13/this-development-cycle-in-cargo-1-77.html#when-to-use-packages-or-workspaces">when to use a package or a workspace</a>.
Since then, the <code>#[diagnostic]</code> attribute was stabilized in <a href="https://blog.rust-lang.org/2024/05/02/Rust-1.78.0.html#diagnostic-attributes">1.78</a>.
Mirroring the concept in Cargo would be a lot lower of a barrier to entry than a fully designed feature.
The Cargo team got behind this idea and shared this on the RFC.</p>
<!-- 2024-06-11 -->
<p><a href="https://github.com/rust-lang/rfcs/pull/3310">RFC 3310: root rustflags</a>:
This was originally written for coverage reporting and later the author wrote
<a href="https://github.com/rust-lang/rfcs/pull/3287">#3287</a>.
That said, the feature seems generally useful, even if dangerous (see the Drawbacks).
In the end, we decided to postpone this as the author hasn't been responsive.
We included next steps for someone to pick it up.</p>
<p><a href="https://github.com/rust-lang/rfcs/pull/3416">RFC 3416: Features as table, not just array</a>: Overall, we were in favor of this moving forward.  The main concerns were naming (which we worked out) and ensuring third-parties have a heads up of the potential change to <code>Cargo.toml</code> (<a href="https://rust-lang.zulipchat.com/#narrow/stream/334885-t-cargo.2Fbuild-integration/topic/.60Cargo.2Etoml.60.20schema.20changes/near/444030709">announced on Zulip</a>).
As a reminder, we provide the definition of <a href="https://docs.rs/cargo-util-schemas/latest/cargo_util_schemas/manifest/struct.TomlManifest.html"><code>TomlManifest</code></a> for others to pull in and use.</p>
<h5><a href="#custom-test-harnesses-and-panic--abort" aria-hidden="true" class="anchor" id="custom-test-harnesses-and-panic--abort"></a>Custom test harnesses and <code>panic = &quot;abort&quot;</code></h5>
<!-- 2024-05-28 -->
<p><a href="https://github.com/rust-lang/cargo/issues/11214">#11214</a> is looking for a way to allow <a href="https://doc.rust-lang.org/cargo/reference/profiles.html#panic"><code>panic = &quot;abort&quot;</code></a> in tests and benches.
For example, ideally benches reflect what the production code will do but if the production code is built with <code>panic = &quot;abort&quot;</code> but the tests are built with <code>panic = &quot;unwind&quot;</code>, then they can have different performance characteristics.</p>
<p><code>panic</code> is a profile setting and gets applied to all build targets.
We don't want someone changing this value for their bins to affect their tests unexpectedly.</p>
<p>We also need to keep in mind backwards compatibility.
Changing this setting would immediately break people.</p>
<p>We didn't come to any immediate conclusion on how to move forward with this.</p>
<h5><a href="#short-hand-manifest-syntaxes" aria-hidden="true" class="anchor" id="short-hand-manifest-syntaxes"></a>Short-hand manifest syntaxes</h5>
<p><a href="https://github.com/rust-lang/rfcs/pull/3502">RFC #3502</a> was recently merged.
Throughout its life, we've occasionally brainstormed ways to smooth out the feature more, like <a href="https://rust-lang.zulipchat.com/#narrow/stream/246057-t-cargo/topic/edition.20as.20number">supporting <code>package.edition</code> as a number and not just a string</a>.</p>
<!-- 2024-05-21 -->
<p><strong>Removing the need for <code>[package]</code> header:</strong>
Instead each <code>package</code> field would work in the top-level of the manifest.
For cargo-script, this would mean you could do</p>
<pre><code class="language-toml">edition = &quot;2024&quot;
</code></pre>
<p>instead of</p>
<pre><code class="language-toml">package.edition = &quot;2024&quot;
</code></pre>
<p>or</p>
<pre><code class="language-toml">[package]
edition = &quot;2024&quot;
</code></pre>
<p>The main concerns raised were</p>
<ul>
<li>Detecting if the package is present when using <code>[workspace]</code></li>
<li>Potential implementation complexities, especially around good error reporting</li>
<li>If we simplified this by limiting it to cargo-script, it would add more steps to by-hand convert a cargo-script to a multi-file package</li>
</ul>
<p>Overall, this is something that doesn't have to be decided now.
Instead, we can see how people use cargo-script and decide what improvements are needed.</p>
<!-- 2024-05-28 -->
<p><strong>Embedded <code>build.rs</code>:</strong>
The following <code>Cargo.toml</code> alternatives to a standalone <code>build.rs</code> were proposed:</p>
<pre><code class="language-toml">build.rs = '''
fn main() {
  ...
}
'''
# or
build.rs.output = '''
cargo::directive=...
'''
</code></pre>
<p>While <code>build.rs.output</code> might have helped with check-cfg before we added lint configuration,
it seems pretty rare that it would be of use.</p>
<p>Embedding rust source in the manifest would allow a cargo-script to have a <code>build.rs</code>.
While having a fully separate <code>-sys</code> package is reasonable for general cases, there can be one-off &quot;I just want a lib for a little bit&quot; use cases.
We had previously decided that embedding other content in a cargo-script (build script, config, proc-macros, addition source and packages),
was an anti-feature and we'd need to revisit a lot more than just this.
Instead, we would want to encourage multi-file packages in these cases.</p>
<p>As an alternative, we discussed <a href="https://doc.rust-lang.org/nightly/cargo/reference/unstable.html#metabuild">metabuild</a> which has been stuck in unstable limbo due to the lack of real world use and polyfills like <a href="https://crates.io/crates/system-deps">system-deps</a>.</p>
<p>Again, this is likely something we should wait until cargo-script has been stabilized and in use for a while.</p>
<h5><a href="#leaky-abstractions-of-rustc" aria-hidden="true" class="anchor" id="leaky-abstractions-of-rustc"></a>Leaky abstractions of rustc</h5>
<!-- 2024-06-04 -->
<p>Cargo is dependent on the behavior of rustc but frequently users regularly need access to rustc features that haven't been abstracted yet (<a href="https://github.com/rust-lang/cargo/issues/12739">#12739</a>), leading to <code>RUSTFLAGS</code> and <code>cargo rustc</code>.</p>
<p>Here be dragons though. A recent example of this causing user confusion is that <code>RUSTFLAGS=-Copt-level=3 cargo test</code> will disable debug assertions while <code>profile.test.opt-level = 3</code> does not (<a href="https://github.com/rust-lang/cargo/issues/14033">#14033</a>).</p>
<p>Similarly, <code>cargo build --message-format=json</code> does not report back all json messages from the compiler.
This makes life more difficult for <a href="https://crates.io/crates/cargo-show-asm">cargo show-asm</a> as they want to tell the compiler to emit the assembly and having the compiler tell them where to find the assembly files, rather than trying to guess (<a href="https://github.com/rust-lang/cargo/issues/13672">#13672</a>).
Cargo filters out messages related to implementation details
(e.g. emitted files and unstable aspects of target-dir)
but doesn't know when a message came back because its tied to an implementation detail or a user requested it via <code>RUSTFLAGS</code>.
While people can find ways to rely on those same implementation details,
there is a difference between the user knowingly going off the beaten path and us endorsing it in terms of the burden it places on us for evolving things in the future.
During the team meeting, we couldn't come up with a solution that satisfied us and we reported back our unsatisfactory ideas on the issue.
However, in Office Hour, one idea for a rustc feature for this would be to permit specifying a root directory, and not just a file, to emit to.</p>
<h2><a href="#misc" aria-hidden="true" class="anchor" id="misc"></a>Misc</h2>
<ul>
<li>zstd <code>.crate</code> files were briefly discussed on <a href="https://rust-lang.zulipchat.com/#narrow/stream/246057-t-cargo/topic/zstd.20crate.20files">zulip</a>, see also <a href="https://github.com/rust-lang/cargo/issues/2526">#2526</a>.</li>
<li><a href="https://rust-lang.zulipchat.com/#narrow/stream/260232-t-cargo.2FPubGrub/topic/Progress.20report">Daily reports</a> by <a href="https://github.com/Eh2406">Eh2406</a> on the progress of the Rust implementation of the PubGrub version solving algorithm</li>
<li>More progress has been made on <a href="https://github.com/rust-lang/cargo/pull/13709">#13709</a> for <a href="https://github.com/rust-lang/rfcs/pull/3553">RFC 3553: SBOM</a></li>
<li>We've identified more corner cases for <code>cargo update --precise &lt;prerelease&gt;</code> (<a href="https://github.com/rust-lang/cargo/issues/13290">#13290</a>) <!-- 2024-05-28 --></li>
</ul>
<h2><a href="#focus-areas-without-progress" aria-hidden="true" class="anchor" id="focus-areas-without-progress"></a>Focus areas without progress</h2>
<p>These are areas of interest for Cargo team members with no reportable progress for this development-cycle.</p>
<p>Ready-to-develop:</p>
<ul>
<li><a href="https://doc.rust-lang.org/nightly/cargo/reference/unstable.html#open-namespaces">Open namespaces</a></li>
</ul>
<!--
- [Merge `cargo upgrade` into `cargo update`](https://github.com/rust-lang/cargo/issues/12425)
- [`cargo publish` for workspaces](https://github.com/rust-lang/cargo/issues/1169)
- [Auto-generate completions](https://github.com/rust-lang/cargo/issues/6645)
  - See [clap-rs/clap#3166](https://github.com/clap-rs/clap/issues/3166)
- Generalize cargo's test assertion code
  - [Add `CARGO_WORKSPACE_DIR`](https://github.com/rust-lang/cargo/issues/3946)
  - [Structured assertions in snapbox](https://github.com/assert-rs/trycmd/issues/92)
  - [Find a solution for order-independent assertions between cargo and snapbox](https://github.com/assert-rs/trycmd/issues/151)
-->
<p>Needs design and/or experimentation:</p>
<ul>
<li><a href="https://github.com/rust-lang/cargo/issues/12633">GC</a></li>
<li><a href="https://github.com/rust-lang/cargo/issues/948">cargo info</a></li>
<li><a href="https://github.com/rust-lang/cargo/issues/5931">Per-user artifact cache</a></li>
<li><a href="https://github.com/rust-lang/cargo/issues/7193">Dependency resolution hooks</a></li>
<li><a href="https://github.com/rust-lang/cargo/issues/2904">A way to report why crates were rebuilt</a></li>
</ul>
<p>Planning:</p>
<ul>
<li><a href="https://github.com/rust-lang/cargo/issues/3126">Disabling of default features</a></li>
<li><a href="https://github.com/rust-lang/cargo/issues/1734">OS-native config/cache directories (ie XDG support)</a>
<ul>
<li><a href="https://internals.rust-lang.org/t/pre-rfc-split-cargo-home/19747">Phase 1 Pre-RFC</a></li>
</ul>
</li>
<li><a href="https://github.com/rust-lang/rfcs/pull/3371">RFC #3371: CARGO_TARGET_BASE_DIR</a></li>
<li><a href="https://internals.rust-lang.org/t/pre-rfc-mutually-excusive-global-features/19618">Pre-RFC: Global, mutually exclusive features</a></li>
<li>Cargo script (<a href="https://github.com/rust-lang/rfcs/pull/3502">RFC #3502</a>, <a href="https://github.com/rust-lang/rfcs/pull/3503">RFC #3503</a>)</li>
</ul>
<!--
- [RFC #3553: Cargo SBOM Fragment](https://github.com/rust-lang/rfcs/pull/3553)
- [RFC #3416: `features` metadata](https://github.com/rust-lang/rfcs/pull/3416)
  - [RFC #3485: descriptions](https://github.com/rust-lang/rfcs/pull/3485) (descriptions)
  - [RFC #3487: visibility](https://github.com/rust-lang/rfcs/pull/3487) (visibility)
  - [RFC #3486: deprecation](https://github.com/rust-lang/rfcs/pull/3486)
  - [Unstable features](https://doc.rust-lang.org/cargo/reference/unstable.html#list-of-unstable-features)
-->
<h2><a href="#how-you-can-help" aria-hidden="true" class="anchor" id="how-you-can-help"></a>How you can help</h2>
<p>If you have ideas for improving cargo,
we recommend first checking <a href="https://github.com/rust-lang/cargo/issues/">our backlog</a>
and then exploring the idea on <a href="https://internals.rust-lang.org/c/tools-and-infrastructure/cargo/15">Internals</a>.</p>
<p>If there is a particular issue that you are wanting resolved that wasn't discussed here,
some steps you can take to help move it along include:</p>
<ul>
<li>Summarizing the existing conversation (example:
<a href="https://github.com/rust-lang/cargo/issues/2644#issuecomment-1489371226">Better support for docker layer caching</a>,
<a href="https://github.com/rust-lang/cargo/issues/8728#issuecomment-1610265047">Change in <code>Cargo.lock</code> policy</a>,
<a href="https://github.com/rust-lang/cargo/issues/9930#issuecomment-1489089277">MSRV-aware resolver</a>
)</li>
<li>Document prior art from other ecosystems so we can build on the work others have done and make something familiar to users, where it makes sense</li>
<li>Document related problems and solutions within Cargo so we see if we are solving to the right layer of abstraction</li>
<li>Building on those posts, propose a solution that takes into account the above information and cargo's compatibility requirements (<a href="https://github.com/rust-lang/cargo/issues/9930#issuecomment-1489269471">example</a>)</li>
</ul>
<p>We are available to help mentor people for
<a href="https://doc.crates.io/contrib/issues.html#issue-status-labels">S-accepted issues</a>
on
<a href="https://rust-lang.zulipchat.com/#narrow/stream/246057-t-cargo">zulip</a>
and you can talk to us in real-time during
<a href="https://github.com/rust-lang/cargo/wiki/Office-Hours">Contributor Office Hours</a>.
If you are looking to help with one of the bigger projects mentioned here and are just starting out,
<a href="https://doc.crates.io/contrib/process/index.html#working-on-issues">fixing some issues</a>
will help familiarize yourself with the process and expectations,
making things go more smoothly.
If you'd like to tackle something
<a href="https://doc.crates.io/contrib/issues.html#issue-status-labels">without a mentor</a>,
the expectations will be higher on what you'll need to do on your own.</p>

    </div>
  </div>
</section>
    <footer>
      <div class="w-100 mw-none ph3 mw8-m mw9-l center f3">
        <div class="row">
          <div class="four columns mt3 mt0-l" id="get-help">
            <h4>Get help!</h4>
            <ul>
              <li><a href="https://doc.rust-lang.org" target="_blank" rel="noopener">Documentation</a></li>
              <li><a href="mailto:core-team@rust-lang.org">Contact the Rust Team</a></li>
            </ul>
          </div>
          <div class="four columns mt3 mt0-l">
            <h4>Terms and policies</h4>
            <ul>
              <li><a href="https://www.rust-lang.org/policies/code-of-conduct">Code of Conduct</a></li>
              <li><a href="https://www.rust-lang.org/policies/licenses">Licenses</a></li>
              <li><a href="https://www.rust-lang.org/policies/media-guide">Logo Policy and Media Guide</a></li>
              <li><a href="https://www.rust-lang.org/policies/security">Security Disclosures</a></li>
              <li><a href="https://www.rust-lang.org/policies">All Policies</a></li>
            </ul>
          </div>
          <div class="four columns mt3 mt0-l">
            <h4>Social</h4>
            <div class="flex flex-row flex-wrap">
              <a rel="me" href="https://social.rust-lang.org/@rust" target="_blank" rel="noopener" alt="mastodon link"><img src="../../../../images/mastodon.svg" alt="mastodon logo" title="Mastodon"/></a>
              <a href="https://twitter.com/rustlang" target="_blank" rel="noopener" alt="twitter link"><img src="../../../../images/twitter.svg" alt="twitter logo" title="Twitter"/></a>
              <a href="https://www.youtube.com/channel/UCaYhcUwRBNscFNUKTjgPFiA" target="_blank" rel="noopener" alt="youtube link"><img style="padding-top: 6px; padding-bottom:6px" src="../../../../images/youtube.svg" alt="youtube logo" title="YouTube"/></a>
              <a href="https://discord.gg/rust-lang" target="_blank" rel="noopener" alt="discord link"><img src="../../../../images/discord.svg" alt="discord logo" title="Discord"/></a>
              <a href="https://github.com/rust-lang" target="_blank" rel="noopener" alt="github link"><img src="../../../../images/github.svg" alt="github logo" title="GitHub"/></a>
            </div>
            <h4 class="mt4 mb3">RSS</h4>
            <ul>
              <li><a href="../../../../feed.xml">Main Blog</a></li>
              <li><a href="../../../../inside-rust/feed.xml">"Inside Rust" Blog</a></li>
            </ul>
          </div>
    
        </div>
        <div class="attribution">
          Maintained by the Rust Team. See a typo?
          <a href="https://github.com/rust-lang/blog.rust-lang.org" target="_blank" rel="noopener">Send a fix here</a>!
        </div>
      </div>
    </footer>
    
    <!-- scripts -->
    <script src="../../../../scripts/highlight.js"></script>
  </body>
</html>
