---
source: src/lib.rs
expression: content
input_file: site/inside-rust/2025/01/30/project-director-update.html
snapshot_kind: text
---
<!DOCTYPE html>
<html lang="en">
  <head>
    <meta charset="utf-8">
    <title>January 2025 Project Director Update | Inside Rust Blog</title>
    <meta name="viewport" content="width=device-width,initial-scale=1.0">
<meta name="description" content="Empowering everyone to build reliable and efficient software.">
     <!-- Twitter card -->
     <meta name="twitter:card" content="summary">
     <meta name="twitter:site" content="@rustlang">
     <meta name="twitter:creator" content="@rustlang">
     <meta name="twitter:title" content="January 2025 Project Director Update | Inside Rust Blog">
     <meta name="twitter:description" content="Want to follow along with Rust development? Curious how you might get involved? Take a look!">
    <meta name="twitter:image" content="https://www.rust-lang.org/static/images/rust-social.jpg">
    
    <!-- Facebook OpenGraph -->
    <meta property="og:title" content="January 2025 Project Director Update | Inside Rust Blog" />
    <meta property="og:description" content="Want to follow along with Rust development? Curious how you might get involved? Take a look!">
    <meta property="og:image" content="https://www.rust-lang.org/static/images/rust-social-wide.jpg" />
    <meta property="og:type" content="website" />
    <meta property="og:locale" content="en_US" />
    
    <!-- styles -->
    <link rel="stylesheet" href="../../../../styles/vendor.css"/>
    <link rel="stylesheet" href="../../../../styles/fonts.css"/>
    <link rel="stylesheet" href="../../../../styles/app.css"/>
    <link rel="stylesheet" href="../../../../styles/highlight.css"/>
    
    <!-- stylesheet for user agents without js -->
    <noscript>
        <link rel="stylesheet" href="../../../../styles/noscript.css">
    </noscript>
    
    <!-- favicon -->
    <link rel="apple-touch-icon" sizes="180x180" href="../../../../images/apple-touch-icon.png">
    <link rel="icon" type="image/png" sizes="16x16" href="../../../../images/favicon-16x16.png">
    <link rel="icon" type="image/png" sizes="32x32" href="../../../../images/favicon-32x32.png">
    <link rel="icon" type="image/svg+xml" href="../../../../images/favicon.svg">
    <link rel="manifest" href="../../../../images/site.webmanifest">
    <link rel="mask-icon" href="../../../../images/safari-pinned-tab.svg" color="#5bbad5">
    <meta name="msapplication-TileColor" content="#00aba9">
    <meta name="theme-color" content="#ffffff">
    
     <!-- atom -->
     <link type="application/atom+xml" rel="alternate" href="https://blog.rust-lang.org/inside-rust/feed.xml" title="Inside Rust Blog" />
    
    <!-- theme switcher -->
    <script src="../../../../scripts/theme-switch.js"></script>
  </head>
  <body>
    <nav class="flex flex-row justify-center justify-end-l items-center flex-wrap ph2 pl3-ns pr4-ns">
      <div class="brand flex-auto w-100 w-auto-l self-start tc tl-l">
        <a href="../../../../inside-rust/">
          <img class="v-mid ml0-l rust-logo" alt="Rust Logo" src="../../../../images/rust-logo-blk.svg">
          <span class="dib ml1 ml0-l">Inside Rust Blog</span>
        </a>
      </div>
    
      <ul class="nav list w-100 w-auto-l flex flex-none flex-row flex-wrap justify-center justify-end-l items-center pv2 ph0 ph4-ns">
        <li class="tc pv2 ph2 ph4-ns flex-20-s"><a href="https://www.rust-lang.org">Rust</a></li>
        <li class="tc pv2 ph2 ph4-ns flex-20-s"><a href="https://www.rust-lang.org/tools/install">Install</a></li>
        <li class="tc pv2 ph2 ph4-ns flex-20-s"><a href="https://www.rust-lang.org/learn">Learn</a></li>
        <li class="tc pv2 ph2 ph4-ns flex-20-s"><a href="https://www.rust-lang.org/tools">Tools</a></li>
        <li class="tc pv2 ph2 ph4-ns flex-20-s"><a href="https://www.rust-lang.org/governance">Governance</a></li>
        <li class="tc pv2 ph2 ph4-ns flex-20-s"><a href="https://www.rust-lang.org/community">Community</a></li>
        <button class="theme-icon" onclick="dropdown();">🖌
          <ul id="theme-choice">
            <li class="theme-item" onclick="changeThemeTo('light');">Light</li>
            <li class="theme-item" onclick="changeThemeTo('dark');">Dark</li>
            <li class="theme-item" onclick="changeThemeTo('system');">System</li>
          </ul>
        </button>
        <script src="../../../../scripts/theme-switch-post.js"></script>
      </ul>
    </nav>
<section id="January 2025 Project Director Update" class="white">
  <div class="w-100 mw-none ph3 mw8-m mw8-l center f3">
    <header>
      <h2>January 2025 Project Director Update</h2>
      <div class="highlight mt2 mb3"></div>
    </header>

    <div class="publish-date-author">Jan. 30, 2025 &middot; Carol Nichols
     on behalf of <a href="https://foundation.rust-lang.org/about/">Rust Foundation Project Directors</a> 
    </div>

    <div class="post">
      <p>Happy New Year everyone! Welcome to the second blog post in <a href="https://blog.rust-lang.org/inside-rust/2024/12/17/project-director-update.html">the series started last month</a> where us Rust Foundation Project Directors will be sharing the highlights from last month’s Rust Foundation Board meeting. You’ll find the <a href="https://rustfoundation.org/resource/december-board-minutes/">full December 2024 meeting minutes</a> on the Rust Foundation’s <a href="https://rustfoundation.org/policies-resources/#minutes">beautiful new site</a>!</p>
<p>Highlights from the December meeting include:</p>
<ul>
<li>The Foundation is contracting with a Rust training consultant to help shape a future beginner-level online course aimed primarily at organizations interested in building out their base of Rust talent. While this work is still in the early and exploratory stages, the current idea is that the content would be freely-available with an optional paid exam and certification at the conclusion of the course. No further work has been carried out on this future offering since the Foundation’s listening sessions last year, however, the staff team is working on a roadmap to present to the board at the February board meeting to outline the program. Their intention is to then share the roadmap with Rust Foundation members and to host a listening session to discuss this proposed outline for all work under a training program, including a Rust Foundation accreditation system for existing training providers. More information will be shared following the February board meeting.</li>
<li>The Rust Foundation was awarded a third year of funding from Alpha-Omega, and there may be additional funding from Alpha-Omega for specific initiatives. The Foundation's application for funding from the Sovereign Tech Agency is on hold until further notice..</li>
<li>The Foundation is planning on supporting some of the <a href="https://github.com/rust-lang/rfcs/pull/3764">Rust Project’s H1 2025 goals</a> with grants.</li>
<li>After receiving and incorporating a deluge of feedback from the wider Rust community, then making revisions and getting additional feedback from the Rust Project on those revisions, the Foundation proposed a new version of the Trademark policy and the Board voted to approve it. (<a href="https://rustfoundation.org/media/rust-language-trademark-policy-updates-explained/">The revised Trademark Policy is now public!</a>)</li>
<li>Lars Bergstrom, Board Chair and representative from Google, announced his intention to step down from the board entirely when his 2 year term as Chair was completed in January 2025. Google will be sending a new representative in his place, and the Board will be electing a new chair in January. Thank you for serving as Chair and being on the board, Lars!</li>
</ul>
<p>As always, if you have any comments, questions, or suggestions, please
email all of the project directors via project-directors at rust-lang.org or join us in <a href="https://rust-lang.zulipchat.com/#narrow/channel/335408-foundation">the
#foundation channel on the Rust Zulip</a>. Have a great holiday season; I’ll post
again in 2025!</p>

    </div>
  </div>
</section>
    <footer>
      <div class="w-100 mw-none ph3 mw8-m mw9-l center f3">
        <div class="row">
          <div class="four columns mt3 mt0-l" id="get-help">
            <h4>Get help!</h4>
            <ul>
              <li><a href="https://doc.rust-lang.org" target="_blank" rel="noopener">Documentation</a></li>
              <li><a href="mailto:core-team@rust-lang.org">Contact the Rust Team</a></li>
            </ul>
          </div>
          <div class="four columns mt3 mt0-l">
            <h4>Terms and policies</h4>
            <ul>
              <li><a href="https://www.rust-lang.org/policies/code-of-conduct">Code of Conduct</a></li>
              <li><a href="https://www.rust-lang.org/policies/licenses">Licenses</a></li>
              <li><a href="https://www.rust-lang.org/policies/media-guide">Logo Policy and Media Guide</a></li>
              <li><a href="https://www.rust-lang.org/policies/security">Security Disclosures</a></li>
              <li><a href="https://www.rust-lang.org/policies">All Policies</a></li>
            </ul>
          </div>
          <div class="four columns mt3 mt0-l">
            <h4>Social</h4>
            <div class="flex flex-row flex-wrap">
              <a rel="me" href="https://social.rust-lang.org/@rust" target="_blank" rel="noopener" alt="mastodon link"><img src="../../../../images/mastodon.svg" alt="mastodon logo" title="Mastodon"/></a>
              <a href="https://twitter.com/rustlang" target="_blank" rel="noopener" alt="twitter link"><img src="../../../../images/twitter.svg" alt="twitter logo" title="Twitter"/></a>
              <a href="https://www.youtube.com/channel/UCaYhcUwRBNscFNUKTjgPFiA" target="_blank" rel="noopener" alt="youtube link"><img style="padding-top: 6px; padding-bottom:6px" src="../../../../images/youtube.svg" alt="youtube logo" title="YouTube"/></a>
              <a href="https://discord.gg/rust-lang" target="_blank" rel="noopener" alt="discord link"><img src="../../../../images/discord.svg" alt="discord logo" title="Discord"/></a>
              <a href="https://github.com/rust-lang" target="_blank" rel="noopener" alt="github link"><img src="../../../../images/github.svg" alt="github logo" title="GitHub"/></a>
            </div>
            <h4 class="mt4 mb3">RSS</h4>
            <ul>
              <li><a href="../../../../feed.xml">Main Blog</a></li>
              <li><a href="../../../../inside-rust/feed.xml">"Inside Rust" Blog</a></li>
            </ul>
          </div>
    
        </div>
        <div class="attribution">
          Maintained by the Rust Team. See a typo?
          <a href="https://github.com/rust-lang/blog.rust-lang.org" target="_blank" rel="noopener">Send a fix here</a>!
        </div>
      </div>
    </footer>
    
    <!-- scripts -->
    <script src="../../../../scripts/highlight.js"></script>
  </body>
</html>
